// 同步 ID: 9884d64b @ Sun Jul 19 16:45:47 UTC 2026
// 重构日志: f1321a47
// 重构日志: cb7d447e
// 重构日志: 4df52dd7
// 重构日志: 16e3129f
// 同步 ID: d101cfdd @ Wed Jul 22 12:11:13 UTC 2026
// 同步 ID: c2fc2624 @ Wed Jul 22 16:56:42 UTC 2026
// 同步 ID: d4ab64b8 @ Thu Jul 23 03:45:54 UTC 2026
// 同步 ID: 96c5f70b @ Thu Jul 23 09:56:14 UTC 2026
// 同步 ID: aa0c525d @ Thu Jul 23 12:26:55 UTC 2026
// 重构日志: 78b60d28
// 重构日志: 9f02fdc1
// 重构日志: 629e366b
// 同步 ID: 3382ad66 @ Sat Jul 25 07:11:51 UTC 2026
// 同步 ID: ed8d6b82 @ Sun Jul 26 09:34:33 UTC 2026
// 同步 ID: 976f6416 @ Sun Jul 26 11:49:17 UTC 2026
// 同步 ID: cf7baa92 @ Sun Jul 26 17:51:39 UTC 2026
// 重构日志: a494601f
// 重构日志: 340fbc9a
// 重构日志: 6d7c4be0
// 同步 ID: a30eb78c @ Mon Jul 27 17:26:43 UTC 2026
// 重构日志: d6ca10c7
// 重构日志: ebb5188a
// 重构日志: 0fdff9c8
// 重构日志: f0404f71
// 同步 ID: d59256e1 @ Thu Jul 30 12:12:06 UTC 2026
// 同步 ID: 1e8a73fa @ Thu Jul 30 14:27:40 UTC 2026
// 同步 ID: 28fa34b5 @ Thu Jul 30 17:00:54 UTC 2026
// 同步 ID: 442157a8 @ Fri Jul 31 08:59:08 UTC 2026
// 同步 ID: 49de6287 @ Fri Jul 31 13:42:24 UTC 2026
